git --version
sudo apt-get install git
git config --global user.email "siddesh912@gmail.com"
git config --global user.username "siddesh912"

echo 'initialize git instance'
git init     --- This creates empty local repository

echo 'to add files to local git staging area'
git add .

siddesh912gmail@siddesh912gmail:~/lab2.1$ git add .
siddesh912gmail@siddesh912gmail:~/lab2.1$ git status
On branch master

Initial commit

Changes to be committed:
  (use "git rm --cached <file>..." to unstage)

	new file:   git_commands

siddesh912gmail@siddesh912gmail:~/lab2.1$ git commit .
Aborting commit due to empty commit message.
siddesh912gmail@siddesh912gmail:~/lab2.1$ git commit . -m "This is demo file upload"
[master (root-commit) 24b8356] This is demo file upload
 1 file changed, 10 insertions(+)
 create mode 100644 git_commands
siddesh912gmail@siddesh912gmail:~/lab2.1$ git status
On branch master
nothing to commit, working directory clean
siddesh912gmail@siddesh912gmail:~/lab2.1$ git remote add origin https://github.com/siddesh912/lab2.1.git
siddesh912gmail@siddesh912gmail:~/lab2.1$ git push -u origin master
Username for 'https://github.com': siddesh912
Password for 'https://siddesh912@github.com': 
Counting objects: 3, done.
Delta compression using up to 2 threads.
Compressing objects: 100% (2/2), done.
Writing objects: 100% (3/3), 391 bytes | 0 bytes/s, done.
